// Vitest Snapshot v1, https://vitest.dev/guide/snapshot.html

exports[`pi orchestration boundary > characterizes the in-house agentx_* tools byte-for-byte with no connector catalogs (regression guard) 1`] = `
[
  {
    "description": "Run repository inspection, editing, build, or test work on the remote AgentX worker. This waits for completion and returns the worker's final response; do not poll or resubmit the task.",
    "name": "agentx_submit_task",
    "parameters": {
      "properties": {
        "prompt": {
          "maxLength": 65536,
          "minLength": 1,
          "type": "string",
        },
      },
      "required": [
        "prompt",
      ],
      "type": "object",
    },
  },
  {
    "description": "Explicitly validate and publish one changed registered repository as a ready-for-review pull request. Call this only when the user clearly asks to create or raise a pull request.",
    "name": "agentx_create_pull_request",
    "parameters": {
      "properties": {
        "body": {
          "maxLength": 32768,
          "type": "string",
        },
        "repository": {
          "maxLength": 63,
          "minLength": 1,
          "type": "string",
        },
        "title": {
          "maxLength": 256,
          "minLength": 1,
          "type": "string",
        },
      },
      "required": [
        "repository",
        "title",
      ],
      "type": "object",
    },
  },
  {
    "description": "Recovery only: read durable status for a previously interrupted AgentX operation.",
    "name": "agentx_task_status",
    "parameters": {
      "properties": {
        "operationId": {
          "format": "uuid",
          "type": "string",
        },
      },
      "required": [
        "operationId",
      ],
      "type": "object",
    },
  },
  {
    "description": "Recovery only: wait for a previously interrupted operation and retrieve its final remote assistant response.",
    "name": "agentx_task_result",
    "parameters": {
      "properties": {
        "operationId": {
          "format": "uuid",
          "type": "string",
        },
      },
      "required": [
        "operationId",
      ],
      "type": "object",
    },
  },
  {
    "description": "Run a follow-up on the same remote workspace and conversation. This waits for completion and returns the worker's final response; do not poll or resubmit it.",
    "name": "agentx_follow_up",
    "parameters": {
      "properties": {
        "prompt": {
          "maxLength": 65536,
          "minLength": 1,
          "type": "string",
        },
      },
      "required": [
        "prompt",
      ],
      "type": "object",
    },
  },
  {
    "description": "Edit the title or body of an AgentX-owned pull request. Call only when the user explicitly requests this pull request action.",
    "name": "agentx_update_pull_request",
    "parameters": {
      "properties": {
        "body": {
          "maxLength": 32768,
          "type": "string",
        },
        "pullRequestNumber": {
          "minimum": 1,
          "type": "integer",
        },
        "repository": {
          "maxLength": 63,
          "minLength": 1,
          "type": "string",
        },
        "title": {
          "maxLength": 256,
          "minLength": 1,
          "type": "string",
        },
      },
      "required": [
        "repository",
        "pullRequestNumber",
      ],
      "type": "object",
    },
  },
  {
    "description": "Run checks and append workspace changes with a normal fast-forward push; force push is prohibited. Call only when the user explicitly requests this pull request action.",
    "name": "agentx_append_pull_request",
    "parameters": {
      "properties": {
        "pullRequestNumber": {
          "minimum": 1,
          "type": "integer",
        },
        "repository": {
          "maxLength": 63,
          "minLength": 1,
          "type": "string",
        },
      },
      "required": [
        "repository",
        "pullRequestNumber",
      ],
      "type": "object",
    },
  },
  {
    "description": "Merge the latest base branch into an open pull request; history is never rebased or force-pushed. Call only when the user explicitly requests this pull request action.",
    "name": "agentx_sync_pull_request",
    "parameters": {
      "properties": {
        "pullRequestNumber": {
          "minimum": 1,
          "type": "integer",
        },
        "repository": {
          "maxLength": 63,
          "minLength": 1,
          "type": "string",
        },
      },
      "required": [
        "repository",
        "pullRequestNumber",
      ],
      "type": "object",
    },
  },
  {
    "description": "Close an open AgentX-owned pull request. Call only when the user explicitly requests this pull request action.",
    "name": "agentx_close_pull_request",
    "parameters": {
      "properties": {
        "pullRequestNumber": {
          "minimum": 1,
          "type": "integer",
        },
        "repository": {
          "maxLength": 63,
          "minLength": 1,
          "type": "string",
        },
      },
      "required": [
        "repository",
        "pullRequestNumber",
      ],
      "type": "object",
    },
  },
  {
    "description": "Reopen a closed, unmerged AgentX-owned pull request. Call only when the user explicitly requests this pull request action.",
    "name": "agentx_reopen_pull_request",
    "parameters": {
      "properties": {
        "pullRequestNumber": {
          "minimum": 1,
          "type": "integer",
        },
        "repository": {
          "maxLength": 63,
          "minLength": 1,
          "type": "string",
        },
      },
      "required": [
        "repository",
        "pullRequestNumber",
      ],
      "type": "object",
    },
  },
  {
    "description": "Create a clean replacement pull request before closing the original; never rewrite the old branch. Call only when the user explicitly requests this pull request action.",
    "name": "agentx_replace_pull_request",
    "parameters": {
      "properties": {
        "body": {
          "maxLength": 32768,
          "type": "string",
        },
        "pullRequestNumber": {
          "minimum": 1,
          "type": "integer",
        },
        "repository": {
          "maxLength": 63,
          "minLength": 1,
          "type": "string",
        },
        "title": {
          "maxLength": 256,
          "minLength": 1,
          "type": "string",
        },
      },
      "required": [
        "repository",
        "pullRequestNumber",
      ],
      "type": "object",
    },
  },
  {
    "description": "Create a reviewable revert pull request for a merged AgentX-owned pull request. Call only when the user explicitly requests this pull request action.",
    "name": "agentx_revert_pull_request",
    "parameters": {
      "properties": {
        "body": {
          "maxLength": 32768,
          "type": "string",
        },
        "pullRequestNumber": {
          "minimum": 1,
          "type": "integer",
        },
        "repository": {
          "maxLength": 63,
          "minLength": 1,
          "type": "string",
        },
        "title": {
          "maxLength": 256,
          "minLength": 1,
          "type": "string",
        },
      },
      "required": [
        "repository",
        "pullRequestNumber",
      ],
      "type": "object",
    },
  },
]
`;
